1/2 for /tmp/TestFilesOutput2584213815/001/docs/intro.md
- I think it is ok for now to have it under UserAutocomplete.
+ I think it's fine for now to keep it under UserAutocomplete.

2/2 for /tmp/TestFilesOutput2584213815/001/docs/intro.md
- You brought good arguments.
+ You made some good points.

1/1 for /tmp/TestFilesOutput2584213815/001/docs/tutorial.md
- This is a tutorial sample. With some tutorial testing text.
+ This is a tutorial sample with some test text.
