There are many reasons why people enjoy reading books. Firstly, it helps to relax and relieve stress. Secondly, books can be a great source of knowledge and information. However, some people don't read as much as they should because they think it's boring or time-consuming. But, once you find the right book, you'll realize how enjoyable and beneficial reading can be.